Breakpoint 1 at 0x5555555cfba8
[LOG] Running Base
[Thread debugging using libthread_db enabled]
Using host libthread_db library "/lib64/libthread_db.so.1".
DATA:00:20
DATA:00:00
DATA:00:00
DATA:00:1f
DATA:01:20
DATA:00:00
DATA:00:00
DATA:01:1f
DATA:02:20
DATA:00:00
DATA:00:00
DATA:02:1f
DATA:03:20
DATA:00:00
DATA:00:00
DATA:03:1f
DATA:04:20
DATA:00:00
DATA:00:00
DATA:04:1f
DATA:05:20
DATA:00:00
DATA:00:00
DATA:05:1f
DATA:06:20
DATA:00:00
DATA:00:00
DATA:06:1f
DATA:07:20
DATA:00:00
DATA:00:00
DATA:07:1f
DATA:08:20
DATA:00:00
DATA:08:00
DATA:08:1f
DATA:09:20
DATA:00:00
DATA:08:00
DATA:09:1f
DATA:0a:20
DATA:00:00
DATA:08:00
DATA:0a:1f
DATA:0b:20
DATA:00:00
DATA:08:00
DATA:0b:1f
DATA:0c:20
DATA:00:00
DATA:08:00
DATA:0c:1f
DATA:0d:20
DATA:00:00
DATA:08:00
DATA:0d:1f
DATA:0e:20
DATA:00:00
DATA:08:00
DATA:0e:1f
DATA:0f:20
DATA:00:00
DATA:08:00
DATA:0f:1f
DATA:10:20
DATA:10:00
DATA:00:00
DATA:10:1f
DATA:11:20
DATA:10:00
DATA:00:00
DATA:11:1f
DATA:12:20
DATA:10:00
DATA:00:00
DATA:12:1f
DATA:13:20
DATA:10:00
DATA:00:00
DATA:13:1f
DATA:14:20
DATA:10:00
DATA:00:00
DATA:14:1f
DATA:15:20
DATA:10:00
DATA:00:00
DATA:15:1f
DATA:16:20
DATA:10:00
DATA:00:00
DATA:16:1f
DATA:17:20
DATA:10:00
DATA:00:00
DATA:17:1f
DATA:18:20
DATA:10:00
DATA:08:00
DATA:18:1f
DATA:19:20
DATA:10:00
DATA:08:00
DATA:19:1f
DATA:1a:20
DATA:10:00
DATA:08:00
DATA:1a:1f
DATA:1b:20
DATA:10:00
DATA:08:00
DATA:1b:1f
DATA:1c:20
DATA:10:00
DATA:08:00
DATA:1c:1f
DATA:1d:20
DATA:10:00
DATA:08:00
DATA:1d:1f
DATA:1e:20
DATA:10:00
DATA:08:00
DATA:1e:1f
DATA:1f:20
DATA:10:00
DATA:08:00
DATA:1f:1f
DATA:fffffffe:91
[Inferior 1 (process 2270989) exited normally]
[LOG] Running Byte 0
[Thread debugging using libthread_db enabled]
Using host libthread_db library "/lib64/libthread_db.so.1".
DATA:00:20
DATA:00:00
DATA:00:00
DATA:00:1f
DATA:01:20
DATA:00:00
DATA:00:00
DATA:01:1f
DATA:02:20
DATA:00:00
DATA:00:00
DATA:02:1f
DATA:03:20
DATA:00:00
DATA:00:00
DATA:03:1f
DATA:04:20
DATA:00:00
DATA:00:00
DATA:04:1f
DATA:05:20
DATA:00:00
DATA:00:00
DATA:05:1f
DATA:06:20
DATA:00:00
DATA:00:00
DATA:06:1f
DATA:07:20
DATA:00:00
DATA:00:00
DATA:07:1f
DATA:08:20
DATA:00:00
DATA:08:00
DATA:08:1f
DATA:09:20
DATA:00:00
DATA:08:00
DATA:09:1f
DATA:0a:20
DATA:00:00
DATA:08:00
DATA:0a:1f
DATA:0b:20
DATA:00:00
DATA:08:00
DATA:0b:1f
DATA:0c:20
DATA:00:00
DATA:08:00
DATA:0c:1f
DATA:0d:20
DATA:00:00
DATA:08:00
DATA:0d:1f
DATA:0e:20
DATA:00:00
DATA:08:00
DATA:0e:1f
DATA:0f:20
DATA:00:00
DATA:08:00
DATA:0f:1f
DATA:10:20
DATA:10:00
DATA:00:00
DATA:10:1f
DATA:11:20
DATA:10:00
DATA:00:00
DATA:11:1f
DATA:12:20
DATA:10:00
DATA:00:00
DATA:12:1f
DATA:13:20
DATA:10:00
DATA:00:00
DATA:13:1f
DATA:14:20
DATA:10:00
DATA:00:00
DATA:14:1f
DATA:15:20
DATA:10:00
DATA:00:00
DATA:15:1f
DATA:16:20
DATA:10:00
DATA:00:00
DATA:16:1f
DATA:17:20
DATA:10:00
DATA:00:00
DATA:17:1f
DATA:18:20
DATA:10:00
DATA:08:00
DATA:18:1f
DATA:19:20
DATA:10:00
DATA:08:00
DATA:19:1f
DATA:1a:20
DATA:10:00
DATA:08:00
DATA:1a:1f
DATA:1b:20
DATA:10:00
DATA:08:00
DATA:1b:1f
DATA:1c:20
DATA:10:00
DATA:08:00
DATA:1c:1f
DATA:1d:20
DATA:10:00
DATA:08:00
DATA:1d:1f
DATA:1e:20
DATA:10:00
DATA:08:00
DATA:1e:1f
DATA:1f:20
DATA:10:00
DATA:08:00
DATA:1f:1f
DATA:2e:91
[Inferior 1 (process 2270992) exited normally]
[LOG] Running Byte 1
[Thread debugging using libthread_db enabled]
Using host libthread_db library "/lib64/libthread_db.so.1".
DATA:00:20
DATA:00:00
DATA:00:00
DATA:00:1f
DATA:01:20
DATA:00:00
DATA:00:00
DATA:01:1f
DATA:02:20
DATA:00:00
DATA:00:00
DATA:02:1f
DATA:03:20
DATA:00:00
DATA:00:00
DATA:03:1f
DATA:04:20
DATA:00:00
DATA:00:00
DATA:04:1f
DATA:05:20
DATA:00:00
DATA:00:00
DATA:05:1f
DATA:06:20
DATA:00:00
DATA:00:00
DATA:06:1f
DATA:07:20
DATA:00:00
DATA:00:00
DATA:07:1f
DATA:08:20
DATA:00:00
DATA:08:00
DATA:08:1f
DATA:09:20
DATA:00:00
DATA:08:00
DATA:09:1f
DATA:0a:20
DATA:00:00
DATA:08:00
DATA:0a:1f
DATA:0b:20
DATA:00:00
DATA:08:00
DATA:0b:1f
DATA:0c:20
DATA:00:00
DATA:08:00
DATA:0c:1f
DATA:0d:20
DATA:00:00
DATA:08:00
DATA:0d:1f
DATA:0e:20
DATA:00:00
DATA:08:00
DATA:0e:1f
DATA:0f:20
DATA:00:00
DATA:08:00
DATA:0f:1f
DATA:10:20
DATA:10:00
DATA:00:00
DATA:10:1f
DATA:11:20
DATA:10:00
DATA:00:00
DATA:11:1f
DATA:12:20
DATA:10:00
DATA:00:00
DATA:12:1f
DATA:13:20
DATA:10:00
DATA:00:00
DATA:13:1f
DATA:14:20
DATA:10:00
DATA:00:00
DATA:14:1f
DATA:15:20
DATA:10:00
DATA:00:00
DATA:15:1f
DATA:16:20
DATA:10:00
DATA:00:00
DATA:16:1f
DATA:17:20
DATA:10:00
DATA:00:00
DATA:17:1f
DATA:18:20
DATA:10:00
DATA:08:00
DATA:18:1f
DATA:19:20
DATA:10:00
DATA:08:00
DATA:19:1f
DATA:1a:20
DATA:10:00
DATA:08:00
DATA:1a:1f
DATA:1b:20
DATA:10:00
DATA:08:00
DATA:1b:1f
DATA:1c:20
DATA:10:00
DATA:08:00
DATA:1c:1f
DATA:1d:20
DATA:10:00
DATA:08:00
DATA:1d:1f
DATA:1e:20
DATA:10:00
DATA:08:00
DATA:1e:1f
DATA:1f:20
DATA:10:00
DATA:08:00
DATA:1f:1f
DATA:fffffffe:91
[Inferior 1 (process 2271009) exited normally]
[LOG] Running Byte 2
[Thread debugging using libthread_db enabled]
Using host libthread_db library "/lib64/libthread_db.so.1".
DATA:00:20
DATA:00:00
DATA:00:00
DATA:00:1f
DATA:01:20
DATA:00:00
DATA:00:00
DATA:01:1f
DATA:02:20
DATA:00:00
DATA:00:00
DATA:02:1f
DATA:03:20
DATA:00:00
DATA:00:00
DATA:03:1f
DATA:04:20
DATA:00:00
DATA:00:00
DATA:04:1f
DATA:05:20
DATA:00:00
DATA:00:00
DATA:05:1f
DATA:06:20
DATA:00:00
DATA:00:00
DATA:06:1f
DATA:07:20
DATA:00:00
DATA:00:00
DATA:07:1f
DATA:08:20
DATA:00:00
DATA:08:00
DATA:08:1f
DATA:09:20
DATA:00:00
DATA:08:00
DATA:09:1f
DATA:0a:20
DATA:00:00
DATA:08:00
DATA:0a:1f
DATA:0b:20
DATA:00:00
DATA:08:00
DATA:0b:1f
DATA:0c:20
DATA:00:00
DATA:08:00
DATA:0c:1f
DATA:0d:20
DATA:00:00
DATA:08:00
DATA:0d:1f
DATA:0e:20
DATA:00:00
DATA:08:00
DATA:0e:1f
DATA:0f:20
DATA:00:00
DATA:08:00
DATA:0f:1f
DATA:10:20
DATA:10:00
DATA:00:00
DATA:10:1f
DATA:11:20
DATA:10:00
DATA:00:00
DATA:11:1f
DATA:12:20
DATA:10:00
DATA:00:00
DATA:12:1f
DATA:13:20
DATA:10:00
DATA:00:00
DATA:13:1f
DATA:14:20
DATA:10:00
DATA:00:00
DATA:14:1f
DATA:15:20
DATA:10:00
DATA:00:00
DATA:15:1f
DATA:16:20
DATA:10:00
DATA:00:00
DATA:16:1f
DATA:17:20
DATA:10:00
DATA:00:00
DATA:17:1f
DATA:18:20
DATA:10:00
DATA:08:00
DATA:18:1f
DATA:19:20
DATA:10:00
DATA:08:00
DATA:19:1f
DATA:1a:20
DATA:10:00
DATA:08:00
DATA:1a:1f
DATA:1b:20
DATA:10:00
DATA:08:00
DATA:1b:1f
DATA:1c:20
DATA:10:00
DATA:08:00
DATA:1c:1f
DATA:1d:20
DATA:10:00
DATA:08:00
DATA:1d:1f
DATA:1e:20
DATA:10:00
DATA:08:00
DATA:1e:1f
DATA:1f:20
DATA:10:00
DATA:08:00
DATA:1f:1f
DATA:fffffffe:91
[Inferior 1 (process 2271026) exited normally]
[LOG] Running Byte 3
[Thread debugging using libthread_db enabled]
Using host libthread_db library "/lib64/libthread_db.so.1".
DATA:00:20
DATA:00:00
DATA:00:00
DATA:00:1f
DATA:01:20
DATA:00:00
DATA:00:00
DATA:01:1f
DATA:02:20
DATA:00:00
DATA:00:00
DATA:02:1f
DATA:03:20
DATA:00:00
DATA:00:00
DATA:03:1f
DATA:04:20
DATA:00:00
DATA:00:00
DATA:04:1f
DATA:05:20
DATA:00:00
DATA:00:00
DATA:05:1f
DATA:06:20
DATA:00:00
DATA:00:00
DATA:06:1f
DATA:07:20
DATA:00:00
DATA:00:00
DATA:07:1f
DATA:08:20
DATA:00:00
DATA:08:00
DATA:08:1f
DATA:09:20
DATA:00:00
DATA:08:00
DATA:09:1f
DATA:0a:20
DATA:00:00
DATA:08:00
DATA:0a:1f
DATA:0b:20
DATA:00:00
DATA:08:00
DATA:0b:1f
DATA:0c:20
DATA:00:00
DATA:08:00
DATA:0c:1f
DATA:0d:20
DATA:00:00
DATA:08:00
DATA:0d:1f
DATA:0e:20
DATA:00:00
DATA:08:00
DATA:0e:1f
DATA:0f:20
DATA:00:00
DATA:08:00
DATA:0f:1f
DATA:10:20
DATA:10:00
DATA:00:00
DATA:10:1f
DATA:11:20
DATA:10:00
DATA:00:00
DATA:11:1f
DATA:12:20
DATA:10:00
DATA:00:00
DATA:12:1f
DATA:13:20
DATA:10:00
DATA:00:00
DATA:13:1f
DATA:14:20
DATA:10:00
DATA:00:00
DATA:14:1f
DATA:15:20
DATA:10:00
DATA:00:00
DATA:15:1f
DATA:16:20
DATA:10:00
DATA:00:00
DATA:16:1f
DATA:17:20
DATA:10:00
DATA:00:00
DATA:17:1f
DATA:18:20
DATA:10:00
DATA:08:00
DATA:18:1f
DATA:19:20
DATA:10:00
DATA:08:00
DATA:19:1f
DATA:1a:20
DATA:10:00
DATA:08:00
DATA:1a:1f
DATA:1b:20
DATA:10:00
DATA:08:00
DATA:1b:1f
DATA:1c:20
DATA:10:00
DATA:08:00
DATA:1c:1f
DATA:1d:20
DATA:10:00
DATA:08:00
DATA:1d:1f
DATA:1e:20
DATA:10:00
DATA:08:00
DATA:1e:1f
DATA:1f:20
DATA:10:00
DATA:08:00
DATA:1f:1f
DATA:fffffffe:91
[Inferior 1 (process 2271027) exited normally]
[LOG] Running Byte 4
[Thread debugging using libthread_db enabled]
Using host libthread_db library "/lib64/libthread_db.so.1".
DATA:00:20
DATA:00:00
DATA:00:00
DATA:00:1f
DATA:01:20
DATA:00:00
DATA:00:00
DATA:01:1f
DATA:02:20
DATA:00:00
DATA:00:00
DATA:02:1f
DATA:03:20
DATA:00:00
DATA:00:00
DATA:03:1f
DATA:04:20
DATA:00:00
DATA:00:00
DATA:04:1f
DATA:05:20
DATA:00:00
DATA:00:00
DATA:05:1f
DATA:06:20
DATA:00:00
DATA:00:00
DATA:06:1f
DATA:07:20
DATA:00:00
DATA:00:00
DATA:07:1f
DATA:08:20
DATA:00:00
DATA:08:00
DATA:08:1f
DATA:09:20
DATA:00:00
DATA:08:00
DATA:09:1f
DATA:0a:20
DATA:00:00
DATA:08:00
DATA:0a:1f
DATA:0b:20
DATA:00:00
DATA:08:00
DATA:0b:1f
DATA:0c:20
DATA:00:00
DATA:08:00
DATA:0c:1f
DATA:0d:20
DATA:00:00
DATA:08:00
DATA:0d:1f
DATA:0e:20
DATA:00:00
DATA:08:00
DATA:0e:1f
DATA:0f:20
DATA:00:00
DATA:08:00
DATA:0f:1f
DATA:10:20
DATA:10:00
DATA:00:00
DATA:10:1f
DATA:11:20
DATA:10:00
DATA:00:00
DATA:11:1f
DATA:12:20
DATA:10:00
DATA:00:00
DATA:12:1f
DATA:13:20
DATA:10:00
DATA:00:00
DATA:13:1f
DATA:14:20
DATA:10:00
DATA:00:00
DATA:14:1f
DATA:15:20
DATA:10:00
DATA:00:00
DATA:15:1f
DATA:16:20
DATA:10:00
DATA:00:00
DATA:16:1f
DATA:17:20
DATA:10:00
DATA:00:00
DATA:17:1f
DATA:18:20
DATA:10:00
DATA:08:00
DATA:18:1f
DATA:19:20
DATA:10:00
DATA:08:00
DATA:19:1f
DATA:1a:20
DATA:10:00
DATA:08:00
DATA:1a:1f
DATA:1b:20
DATA:10:00
DATA:08:00
DATA:1b:1f
DATA:1c:20
DATA:10:00
DATA:08:00
DATA:1c:1f
DATA:1d:20
DATA:10:00
DATA:08:00
DATA:1d:1f
DATA:1e:20
DATA:10:00
DATA:08:00
DATA:1e:1f
DATA:1f:20
DATA:10:00
DATA:08:00
DATA:1f:1f
DATA:fffffffe:91
[Inferior 1 (process 2271044) exited normally]
[LOG] Running Byte 5
[Thread debugging using libthread_db enabled]
Using host libthread_db library "/lib64/libthread_db.so.1".
DATA:00:20
DATA:00:00
DATA:00:00
DATA:00:1f
DATA:01:20
DATA:00:00
DATA:00:00
DATA:01:1f
DATA:02:20
DATA:00:00
DATA:00:00
DATA:02:1f
DATA:03:20
DATA:00:00
DATA:00:00
DATA:03:1f
DATA:04:20
DATA:00:00
DATA:00:00
DATA:04:1f
DATA:05:20
DATA:00:00
DATA:00:00
DATA:05:1f
DATA:06:20
DATA:00:00
DATA:00:00
DATA:06:1f
DATA:07:20
DATA:00:00
DATA:00:00
DATA:07:1f
DATA:08:20
DATA:00:00
DATA:08:00
DATA:08:1f
DATA:09:20
DATA:00:00
DATA:08:00
DATA:09:1f
DATA:0a:20
DATA:00:00
DATA:08:00
DATA:0a:1f
DATA:0b:20
DATA:00:00
DATA:08:00
DATA:0b:1f
DATA:0c:20
DATA:00:00
DATA:08:00
DATA:0c:1f
DATA:0d:20
DATA:00:00
DATA:08:00
DATA:0d:1f
DATA:0e:20
DATA:00:00
DATA:08:00
DATA:0e:1f
DATA:0f:20
DATA:00:00
DATA:08:00
DATA:0f:1f
DATA:10:20
DATA:10:00
DATA:00:00
DATA:10:1f
DATA:11:20
DATA:10:00
DATA:00:00
DATA:11:1f
DATA:12:20
DATA:10:00
DATA:00:00
DATA:12:1f
DATA:13:20
DATA:10:00
DATA:00:00
DATA:13:1f
DATA:14:20
DATA:10:00
DATA:00:00
DATA:14:1f
DATA:15:20
DATA:10:00
DATA:00:00
DATA:15:1f
DATA:16:20
DATA:10:00
DATA:00:00
DATA:16:1f
DATA:17:20
DATA:10:00
DATA:00:00
DATA:17:1f
DATA:18:20
DATA:10:00
DATA:08:00
DATA:18:1f
DATA:19:20
DATA:10:00
DATA:08:00
DATA:19:1f
DATA:1a:20
DATA:10:00
DATA:08:00
DATA:1a:1f
DATA:1b:20
DATA:10:00
DATA:08:00
DATA:1b:1f
DATA:1c:20
DATA:10:00
DATA:08:00
DATA:1c:1f
DATA:1d:20
DATA:10:00
DATA:08:00
DATA:1d:1f
DATA:1e:20
DATA:10:00
DATA:08:00
DATA:1e:1f
DATA:1f:20
DATA:10:00
DATA:08:00
DATA:1f:1f
DATA:fffffffe:91
[Inferior 1 (process 2271045) exited normally]
[LOG] Running Byte 6
[Thread debugging using libthread_db enabled]
Using host libthread_db library "/lib64/libthread_db.so.1".
DATA:00:20
DATA:00:00
DATA:00:00
DATA:00:1f
DATA:01:20
DATA:00:00
DATA:00:00
DATA:01:1f
DATA:02:20
DATA:00:00
DATA:00:00
DATA:02:1f
DATA:03:20
DATA:00:00
DATA:00:00
DATA:03:1f
DATA:04:20
DATA:00:00
DATA:00:00
DATA:04:1f
DATA:05:20
DATA:00:00
DATA:00:00
DATA:05:1f
DATA:06:20
DATA:00:00
DATA:00:00
DATA:06:1f
DATA:07:20
DATA:00:00
DATA:00:00
DATA:07:1f
DATA:08:20
DATA:00:00
DATA:08:00
DATA:08:1f
DATA:09:20
DATA:00:00
DATA:08:00
DATA:09:1f
DATA:0a:20
DATA:00:00
DATA:08:00
DATA:0a:1f
DATA:0b:20
DATA:00:00
DATA:08:00
DATA:0b:1f
DATA:0c:20
DATA:00:00
DATA:08:00
DATA:0c:1f
DATA:0d:20
DATA:00:00
DATA:08:00
DATA:0d:1f
DATA:0e:20
DATA:00:00
DATA:08:00
DATA:0e:1f
DATA:0f:20
DATA:00:00
DATA:08:00
DATA:0f:1f
DATA:10:20
DATA:10:00
DATA:00:00
DATA:10:1f
DATA:11:20
DATA:10:00
DATA:00:00
DATA:11:1f
DATA:12:20
DATA:10:00
DATA:00:00
DATA:12:1f
DATA:13:20
DATA:10:00
DATA:00:00
DATA:13:1f
DATA:14:20
DATA:10:00
DATA:00:00
DATA:14:1f
DATA:15:20
DATA:10:00
DATA:00:00
DATA:15:1f
DATA:16:20
DATA:10:00
DATA:00:00
DATA:16:1f
DATA:17:20
DATA:10:00
DATA:00:00
DATA:17:1f
DATA:18:20
DATA:10:00
DATA:08:00
DATA:18:1f
DATA:19:20
DATA:10:00
DATA:08:00
DATA:19:1f
DATA:1a:20
DATA:10:00
DATA:08:00
DATA:1a:1f
DATA:1b:20
DATA:10:00
DATA:08:00
DATA:1b:1f
DATA:1c:20
DATA:10:00
DATA:08:00
DATA:1c:1f
DATA:1d:20
DATA:10:00
DATA:08:00
DATA:1d:1f
DATA:1e:20
DATA:10:00
DATA:08:00
DATA:1e:1f
DATA:1f:20
DATA:10:00
DATA:08:00
DATA:1f:1f
DATA:fffffffe:91
[Inferior 1 (process 2271082) exited normally]
[LOG] Running Byte 7
[Thread debugging using libthread_db enabled]
Using host libthread_db library "/lib64/libthread_db.so.1".
DATA:00:20
DATA:00:00
DATA:00:00
DATA:00:1f
DATA:01:20
DATA:00:00
DATA:00:00
DATA:01:1f
DATA:02:20
DATA:00:00
DATA:00:00
DATA:02:1f
DATA:03:20
DATA:00:00
DATA:00:00
DATA:03:1f
DATA:04:20
DATA:00:00
DATA:00:00
DATA:04:1f
DATA:05:20
DATA:00:00
DATA:00:00
DATA:05:1f
DATA:06:20
DATA:00:00
DATA:00:00
DATA:06:1f
DATA:07:20
DATA:00:00
DATA:00:00
DATA:07:1f
DATA:08:20
DATA:00:00
DATA:08:00
DATA:08:1f
DATA:09:20
DATA:00:00
DATA:08:00
DATA:09:1f
DATA:0a:20
DATA:00:00
DATA:08:00
DATA:0a:1f
DATA:0b:20
DATA:00:00
DATA:08:00
DATA:0b:1f
DATA:0c:20
DATA:00:00
DATA:08:00
DATA:0c:1f
DATA:0d:20
DATA:00:00
DATA:08:00
DATA:0d:1f
DATA:0e:20
DATA:00:00
DATA:08:00
DATA:0e:1f
DATA:0f:20
DATA:00:00
DATA:08:00
DATA:0f:1f
DATA:10:20
DATA:10:00
DATA:00:00
DATA:10:1f
DATA:11:20
DATA:10:00
DATA:00:00
DATA:11:1f
DATA:12:20
DATA:10:00
DATA:00:00
DATA:12:1f
DATA:13:20
DATA:10:00
DATA:00:00
DATA:13:1f
DATA:14:20
DATA:10:00
DATA:00:00
DATA:14:1f
DATA:15:20
DATA:10:00
DATA:00:00
DATA:15:1f
DATA:16:20
DATA:10:00
DATA:00:00
DATA:16:1f
DATA:17:20
DATA:10:00
DATA:00:00
DATA:17:1f
DATA:18:20
DATA:10:00
DATA:08:00
DATA:18:1f
DATA:19:20
DATA:10:00
DATA:08:00
DATA:19:1f
DATA:1a:20
DATA:10:00
DATA:08:00
DATA:1a:1f
DATA:1b:20
DATA:10:00
DATA:08:00
DATA:1b:1f
DATA:1c:20
DATA:10:00
DATA:08:00
DATA:1c:1f
DATA:1d:20
DATA:10:00
DATA:08:00
DATA:1d:1f
DATA:1e:20
DATA:10:00
DATA:08:00
DATA:1e:1f
DATA:1f:20
DATA:10:00
DATA:08:00
DATA:1f:1f
DATA:fffffffe:91
[Inferior 1 (process 2271099) exited normally]
[LOG] Running Byte 8
[Thread debugging using libthread_db enabled]
Using host libthread_db library "/lib64/libthread_db.so.1".
DATA:00:20
DATA:00:00
DATA:00:00
DATA:00:1f
DATA:01:20
DATA:00:00
DATA:00:00
DATA:01:1f
DATA:02:20
DATA:00:00
DATA:00:00
DATA:02:1f
DATA:03:20
DATA:00:00
DATA:00:00
DATA:03:1f
DATA:04:20
DATA:00:00
DATA:00:00
DATA:04:1f
DATA:05:20
DATA:00:00
DATA:00:00
DATA:05:1f
DATA:06:20
DATA:00:00
DATA:00:00
DATA:06:1f
DATA:07:20
DATA:00:00
DATA:00:00
DATA:07:1f
DATA:08:20
DATA:00:00
DATA:08:00
DATA:08:1f
DATA:09:20
DATA:00:00
DATA:08:00
DATA:09:1f
DATA:0a:20
DATA:00:00
DATA:08:00
DATA:0a:1f
DATA:0b:20
DATA:00:00
DATA:08:00
DATA:0b:1f
DATA:0c:20
DATA:00:00
DATA:08:00
DATA:0c:1f
DATA:0d:20
DATA:00:00
DATA:08:00
DATA:0d:1f
DATA:0e:20
DATA:00:00
DATA:08:00
DATA:0e:1f
DATA:0f:20
DATA:00:00
DATA:08:00
DATA:0f:1f
DATA:10:20
DATA:10:00
DATA:00:00
DATA:10:1f
DATA:11:20
DATA:10:00
DATA:00:00
DATA:11:1f
DATA:12:20
DATA:10:00
DATA:00:00
DATA:12:1f
DATA:13:20
DATA:10:00
DATA:00:00
DATA:13:1f
DATA:14:20
DATA:10:00
DATA:00:00
DATA:14:1f
DATA:15:20
DATA:10:00
DATA:00:00
DATA:15:1f
DATA:16:20
DATA:10:00
DATA:00:00
DATA:16:1f
DATA:17:20
DATA:10:00
DATA:00:00
DATA:17:1f
DATA:18:20
DATA:10:00
DATA:08:00
DATA:18:1f
DATA:19:20
DATA:10:00
DATA:08:00
DATA:19:1f
DATA:1a:20
DATA:10:00
DATA:08:00
DATA:1a:1f
DATA:1b:20
DATA:10:00
DATA:08:00
DATA:1b:1f
DATA:1c:20
DATA:10:00
DATA:08:00
DATA:1c:1f
DATA:1d:20
DATA:10:00
DATA:08:00
DATA:1d:1f
DATA:1e:20
DATA:10:00
DATA:08:00
DATA:1e:1f
DATA:1f:20
DATA:10:00
DATA:08:00
DATA:1f:1f
DATA:fffffffe:91
[Inferior 1 (process 2271100) exited normally]
[LOG] Running Byte 9
[Thread debugging using libthread_db enabled]
Using host libthread_db library "/lib64/libthread_db.so.1".
DATA:00:20
DATA:00:00
DATA:00:00
DATA:00:1f
DATA:01:20
DATA:00:00
DATA:00:00
DATA:01:1f
DATA:02:20
DATA:00:00
DATA:00:00
DATA:02:1f
DATA:03:20
DATA:00:00
DATA:00:00
DATA:03:1f
DATA:04:20
DATA:00:00
DATA:00:00
DATA:04:1f
DATA:05:20
DATA:00:00
DATA:00:00
DATA:05:1f
DATA:06:20
DATA:00:00
DATA:00:00
DATA:06:1f
DATA:07:20
DATA:00:00
DATA:00:00
DATA:07:1f
DATA:08:20
DATA:00:00
DATA:08:00
DATA:08:1f
DATA:09:20
DATA:00:00
DATA:08:00
DATA:09:1f
DATA:0a:20
DATA:00:00
DATA:08:00
DATA:0a:1f
DATA:0b:20
DATA:00:00
DATA:08:00
DATA:0b:1f
DATA:0c:20
DATA:00:00
DATA:08:00
DATA:0c:1f
DATA:0d:20
DATA:00:00
DATA:08:00
DATA:0d:1f
DATA:0e:20
DATA:00:00
DATA:08:00
DATA:0e:1f
DATA:0f:20
DATA:00:00
DATA:08:00
DATA:0f:1f
DATA:10:20
DATA:10:00
DATA:00:00
DATA:10:1f
DATA:11:20
DATA:10:00
DATA:00:00
DATA:11:1f
DATA:12:20
DATA:10:00
DATA:00:00
DATA:12:1f
DATA:13:20
DATA:10:00
DATA:00:00
DATA:13:1f
DATA:14:20
DATA:10:00
DATA:00:00
DATA:14:1f
DATA:15:20
DATA:10:00
DATA:00:00
DATA:15:1f
DATA:16:20
DATA:10:00
DATA:00:00
DATA:16:1f
DATA:17:20
DATA:10:00
DATA:00:00
DATA:17:1f
DATA:18:20
DATA:10:00
DATA:08:00
DATA:18:1f
DATA:19:20
DATA:10:00
DATA:08:00
DATA:19:1f
DATA:1a:20
DATA:10:00
DATA:08:00
DATA:1a:1f
DATA:1b:20
DATA:10:00
DATA:08:00
DATA:1b:1f
DATA:1c:20
DATA:10:00
DATA:08:00
DATA:1c:1f
DATA:1d:20
DATA:10:00
DATA:08:00
DATA:1d:1f
DATA:1e:20
DATA:10:00
DATA:08:00
DATA:1e:1f
DATA:1f:20
DATA:10:00
DATA:08:00
DATA:1f:1f
DATA:fffffffe:91
[Inferior 1 (process 2271117) exited normally]
[LOG] Running Byte 10
[Thread debugging using libthread_db enabled]
Using host libthread_db library "/lib64/libthread_db.so.1".
DATA:00:20
DATA:00:00
DATA:00:00
DATA:00:1f
DATA:01:20
DATA:00:00
DATA:00:00
DATA:01:1f
DATA:02:20
DATA:00:00
DATA:00:00
DATA:02:1f
DATA:03:20
DATA:00:00
DATA:00:00
DATA:03:1f
DATA:04:20
DATA:00:00
DATA:00:00
DATA:04:1f
DATA:05:20
DATA:00:00
DATA:00:00
DATA:05:1f
DATA:06:20
DATA:00:00
DATA:00:00
DATA:06:1f
DATA:07:20
DATA:00:00
DATA:00:00
DATA:07:1f
DATA:08:20
DATA:00:00
DATA:08:00
DATA:08:1f
DATA:09:20
DATA:00:00
DATA:08:00
DATA:09:1f
DATA:0a:20
DATA:00:00
DATA:08:00
DATA:0a:1f
DATA:0b:20
DATA:00:00
DATA:08:00
DATA:0b:1f
DATA:0c:20
DATA:00:00
DATA:08:00
DATA:0c:1f
DATA:0d:20
DATA:00:00
DATA:08:00
DATA:0d:1f
DATA:0e:20
DATA:00:00
DATA:08:00
DATA:0e:1f
DATA:0f:20
DATA:00:00
DATA:08:00
DATA:0f:1f
DATA:10:20
DATA:10:00
DATA:00:00
DATA:10:1f
DATA:11:20
DATA:10:00
DATA:00:00
DATA:11:1f
DATA:12:20
DATA:10:00
DATA:00:00
DATA:12:1f
DATA:13:20
DATA:10:00
DATA:00:00
DATA:13:1f
DATA:14:20
DATA:10:00
DATA:00:00
DATA:14:1f
DATA:15:20
DATA:10:00
DATA:00:00
DATA:15:1f
DATA:16:20
DATA:10:00
DATA:00:00
DATA:16:1f
DATA:17:20
DATA:10:00
DATA:00:00
DATA:17:1f
DATA:18:20
DATA:10:00
DATA:08:00
DATA:18:1f
DATA:19:20
DATA:10:00
DATA:08:00
DATA:19:1f
DATA:1a:20
DATA:10:00
DATA:08:00
DATA:1a:1f
DATA:1b:20
DATA:10:00
DATA:08:00
DATA:1b:1f
DATA:1c:20
DATA:10:00
DATA:08:00
DATA:1c:1f
DATA:1d:20
DATA:10:00
DATA:08:00
DATA:1d:1f
DATA:1e:20
DATA:10:00
DATA:08:00
DATA:1e:1f
DATA:1f:20
DATA:10:00
DATA:08:00
DATA:1f:1f
DATA:fffffffe:91
[Inferior 1 (process 2271134) exited normally]
[LOG] Running Byte 11
[Thread debugging using libthread_db enabled]
Using host libthread_db library "/lib64/libthread_db.so.1".
DATA:00:20
DATA:00:00
DATA:00:00
DATA:00:1f
DATA:01:20
DATA:00:00
DATA:00:00
DATA:01:1f
DATA:02:20
DATA:00:00
DATA:00:00
DATA:02:1f
DATA:03:20
DATA:00:00
DATA:00:00
DATA:03:1f
DATA:04:20
DATA:00:00
DATA:00:00
DATA:04:1f
DATA:05:20
DATA:00:00
DATA:00:00
DATA:05:1f
DATA:06:20
DATA:00:00
DATA:00:00
DATA:06:1f
DATA:07:20
DATA:00:00
DATA:00:00
DATA:07:1f
DATA:08:20
DATA:00:00
DATA:08:00
DATA:08:1f
DATA:09:20
DATA:00:00
DATA:08:00
DATA:09:1f
DATA:0a:20
DATA:00:00
DATA:08:00
DATA:0a:1f
DATA:0b:20
DATA:00:00
DATA:08:00
DATA:0b:1f
DATA:0c:20
DATA:00:00
DATA:08:00
DATA:0c:1f
DATA:0d:20
DATA:00:00
DATA:08:00
DATA:0d:1f
DATA:0e:20
DATA:00:00
DATA:08:00
DATA:0e:1f
DATA:0f:20
DATA:00:00
DATA:08:00
DATA:0f:1f
DATA:10:20
DATA:10:00
DATA:00:00
DATA:10:1f
DATA:11:20
DATA:10:00
DATA:00:00
DATA:11:1f
DATA:12:20
DATA:10:00
DATA:00:00
DATA:12:1f
DATA:13:20
DATA:10:00
DATA:00:00
DATA:13:1f
DATA:14:20
DATA:10:00
DATA:00:00
DATA:14:1f
DATA:15:20
DATA:10:00
DATA:00:00
DATA:15:1f
DATA:16:20
DATA:10:00
DATA:00:00
DATA:16:1f
DATA:17:20
DATA:10:00
DATA:00:00
DATA:17:1f
DATA:18:20
DATA:10:00
DATA:08:00
DATA:18:1f
DATA:19:20
DATA:10:00
DATA:08:00
DATA:19:1f
DATA:1a:20
DATA:10:00
DATA:08:00
DATA:1a:1f
DATA:1b:20
DATA:10:00
DATA:08:00
DATA:1b:1f
DATA:1c:20
DATA:10:00
DATA:08:00
DATA:1c:1f
DATA:1d:20
DATA:10:00
DATA:08:00
DATA:1d:1f
DATA:1e:20
DATA:10:00
DATA:08:00
DATA:1e:1f
DATA:1f:20
DATA:10:00
DATA:08:00
DATA:1f:1f
DATA:fffffffe:91
[Inferior 1 (process 2271135) exited normally]
[LOG] Running Byte 12
[Thread debugging using libthread_db enabled]
Using host libthread_db library "/lib64/libthread_db.so.1".
DATA:00:20
DATA:00:00
DATA:00:00
DATA:00:1f
DATA:01:20
DATA:00:00
DATA:00:00
DATA:01:1f
DATA:02:20
DATA:00:00
DATA:00:00
DATA:02:1f
DATA:03:20
DATA:00:00
DATA:00:00
DATA:03:1f
DATA:04:20
DATA:00:00
DATA:00:00
DATA:04:1f
DATA:05:20
DATA:00:00
DATA:00:00
DATA:05:1f
DATA:06:20
DATA:00:00
DATA:00:00
DATA:06:1f
DATA:07:20
DATA:00:00
DATA:00:00
DATA:07:1f
DATA:08:20
DATA:00:00
DATA:08:00
DATA:08:1f
DATA:09:20
DATA:00:00
DATA:08:00
DATA:09:1f
DATA:0a:20
DATA:00:00
DATA:08:00
DATA:0a:1f
DATA:0b:20
DATA:00:00
DATA:08:00
DATA:0b:1f
DATA:0c:20
DATA:00:00
DATA:08:00
DATA:0c:1f
DATA:0d:20
DATA:00:00
DATA:08:00
DATA:0d:1f
DATA:0e:20
DATA:00:00
DATA:08:00
DATA:0e:1f
DATA:0f:20
DATA:00:00
DATA:08:00
DATA:0f:1f
DATA:10:20
DATA:10:00
DATA:00:00
DATA:10:1f
DATA:11:20
DATA:10:00
DATA:00:00
DATA:11:1f
DATA:12:20
DATA:10:00
DATA:00:00
DATA:12:1f
DATA:13:20
DATA:10:00
DATA:00:00
DATA:13:1f
DATA:14:20
DATA:10:00
DATA:00:00
DATA:14:1f
DATA:15:20
DATA:10:00
DATA:00:00
DATA:15:1f
DATA:16:20
DATA:10:00
DATA:00:00
DATA:16:1f
DATA:17:20
DATA:10:00
DATA:00:00
DATA:17:1f
DATA:18:20
DATA:10:00
DATA:08:00
DATA:18:1f
DATA:19:20
DATA:10:00
DATA:08:00
DATA:19:1f
DATA:1a:20
DATA:10:00
DATA:08:00
DATA:1a:1f
DATA:1b:20
DATA:10:00
DATA:08:00
DATA:1b:1f
DATA:1c:20
DATA:10:00
DATA:08:00
DATA:1c:1f
DATA:1d:20
DATA:10:00
DATA:08:00
DATA:1d:1f
DATA:1e:20
DATA:10:00
DATA:08:00
DATA:1e:1f
DATA:1f:20
DATA:10:00
DATA:08:00
DATA:1f:1f
DATA:fffffffe:91
[Inferior 1 (process 2271152) exited normally]
[LOG] Running Byte 13
[Thread debugging using libthread_db enabled]
Using host libthread_db library "/lib64/libthread_db.so.1".
DATA:00:20
DATA:00:00
DATA:00:00
DATA:00:1f
DATA:01:20
DATA:00:00
DATA:00:00
DATA:01:1f
DATA:02:20
DATA:00:00
DATA:00:00
DATA:02:1f
DATA:03:20
DATA:00:00
DATA:00:00
DATA:03:1f
DATA:04:20
DATA:00:00
DATA:00:00
DATA:04:1f
DATA:05:20
DATA:00:00
DATA:00:00
DATA:05:1f
DATA:06:20
DATA:00:00
DATA:00:00
DATA:06:1f
DATA:07:20
DATA:00:00
DATA:00:00
DATA:07:1f
DATA:08:20
DATA:00:00
DATA:08:00
DATA:08:1f
DATA:09:20
DATA:00:00
DATA:08:00
DATA:09:1f
DATA:0a:20
DATA:00:00
DATA:08:00
DATA:0a:1f
DATA:0b:20
DATA:00:00
DATA:08:00
DATA:0b:1f
DATA:0c:20
DATA:00:00
DATA:08:00
DATA:0c:1f
DATA:0d:20
DATA:00:00
DATA:08:00
DATA:0d:1f
DATA:0e:20
DATA:00:00
DATA:08:00
DATA:0e:1f
DATA:0f:20
DATA:00:00
DATA:08:00
DATA:0f:1f
DATA:10:20
DATA:10:00
DATA:00:00
DATA:10:1f
DATA:11:20
DATA:10:00
DATA:00:00
DATA:11:1f
DATA:12:20
DATA:10:00
DATA:00:00
DATA:12:1f
DATA:13:20
DATA:10:00
DATA:00:00
DATA:13:1f
DATA:14:20
DATA:10:00
DATA:00:00
DATA:14:1f
DATA:15:20
DATA:10:00
DATA:00:00
DATA:15:1f
DATA:16:20
DATA:10:00
DATA:00:00
DATA:16:1f
DATA:17:20
DATA:10:00
DATA:00:00
DATA:17:1f
DATA:18:20
DATA:10:00
DATA:08:00
DATA:18:1f
DATA:19:20
DATA:10:00
DATA:08:00
DATA:19:1f
DATA:1a:20
DATA:10:00
DATA:08:00
DATA:1a:1f
DATA:1b:20
DATA:10:00
DATA:08:00
DATA:1b:1f
DATA:1c:20
DATA:10:00
DATA:08:00
DATA:1c:1f
DATA:1d:20
DATA:10:00
DATA:08:00
DATA:1d:1f
DATA:1e:20
DATA:10:00
DATA:08:00
DATA:1e:1f
DATA:1f:20
DATA:10:00
DATA:08:00
DATA:1f:1f
DATA:fffffffe:91
[Inferior 1 (process 2271176) exited normally]
[LOG] Running Byte 14
[Thread debugging using libthread_db enabled]
Using host libthread_db library "/lib64/libthread_db.so.1".
DATA:00:20
DATA:00:00
DATA:00:00
DATA:00:1f
DATA:01:20
DATA:00:00
DATA:00:00
DATA:01:1f
DATA:02:20
DATA:00:00
DATA:00:00
DATA:02:1f
DATA:03:20
DATA:00:00
DATA:00:00
DATA:03:1f
DATA:04:20
DATA:00:00
DATA:00:00
DATA:04:1f
DATA:05:20
DATA:00:00
DATA:00:00
DATA:05:1f
DATA:06:20
DATA:00:00
DATA:00:00
DATA:06:1f
DATA:07:20
DATA:00:00
DATA:00:00
DATA:07:1f
DATA:08:20
DATA:00:00
DATA:08:00
DATA:08:1f
DATA:09:20
DATA:00:00
DATA:08:00
DATA:09:1f
DATA:0a:20
DATA:00:00
DATA:08:00
DATA:0a:1f
DATA:0b:20
DATA:00:00
DATA:08:00
DATA:0b:1f
DATA:0c:20
DATA:00:00
DATA:08:00
DATA:0c:1f
DATA:0d:20
DATA:00:00
DATA:08:00
DATA:0d:1f
DATA:0e:20
DATA:00:00
DATA:08:00
DATA:0e:1f
DATA:0f:20
DATA:00:00
DATA:08:00
DATA:0f:1f
DATA:10:20
DATA:10:00
DATA:00:00
DATA:10:1f
DATA:11:20
DATA:10:00
DATA:00:00
DATA:11:1f
DATA:12:20
DATA:10:00
DATA:00:00
DATA:12:1f
DATA:13:20
DATA:10:00
DATA:00:00
DATA:13:1f
DATA:14:20
DATA:10:00
DATA:00:00
DATA:14:1f
DATA:15:20
DATA:10:00
DATA:00:00
DATA:15:1f
DATA:16:20
DATA:10:00
DATA:00:00
DATA:16:1f
DATA:17:20
DATA:10:00
DATA:00:00
DATA:17:1f
DATA:18:20
DATA:10:00
DATA:08:00
DATA:18:1f
DATA:19:20
DATA:10:00
DATA:08:00
DATA:19:1f
DATA:1a:20
DATA:10:00
DATA:08:00
DATA:1a:1f
DATA:1b:20
DATA:10:00
DATA:08:00
DATA:1b:1f
DATA:1c:20
DATA:10:00
DATA:08:00
DATA:1c:1f
DATA:1d:20
DATA:10:00
DATA:08:00
DATA:1d:1f
DATA:1e:20
DATA:10:00
DATA:08:00
DATA:1e:1f
DATA:1f:20
DATA:10:00
DATA:08:00
DATA:1f:1f
DATA:fffffffe:91
[Inferior 1 (process 2271177) exited normally]
[LOG] Running Byte 15
[Thread debugging using libthread_db enabled]
Using host libthread_db library "/lib64/libthread_db.so.1".
DATA:00:20
DATA:00:00
DATA:00:00
DATA:00:1f
DATA:01:20
DATA:00:00
DATA:00:00
DATA:01:1f
DATA:02:20
DATA:00:00
DATA:00:00
DATA:02:1f
DATA:03:20
DATA:00:00
DATA:00:00
DATA:03:1f
DATA:04:20
DATA:00:00
DATA:00:00
DATA:04:1f
DATA:05:20
DATA:00:00
DATA:00:00
DATA:05:1f
DATA:06:20
DATA:00:00
DATA:00:00
DATA:06:1f
DATA:07:20
DATA:00:00
DATA:00:00
DATA:07:1f
DATA:08:20
DATA:00:00
DATA:08:00
DATA:08:1f
DATA:09:20
DATA:00:00
DATA:08:00
DATA:09:1f
DATA:0a:20
DATA:00:00
DATA:08:00
DATA:0a:1f
DATA:0b:20
DATA:00:00
DATA:08:00
DATA:0b:1f
DATA:0c:20
DATA:00:00
DATA:08:00
DATA:0c:1f
DATA:0d:20
DATA:00:00
DATA:08:00
DATA:0d:1f
DATA:0e:20
DATA:00:00
DATA:08:00
DATA:0e:1f
DATA:0f:20
DATA:00:00
DATA:08:00
DATA:0f:1f
DATA:10:20
DATA:10:00
DATA:00:00
DATA:10:1f
DATA:11:20
DATA:10:00
DATA:00:00
DATA:11:1f
DATA:12:20
DATA:10:00
DATA:00:00
DATA:12:1f
DATA:13:20
DATA:10:00
DATA:00:00
DATA:13:1f
DATA:14:20
DATA:10:00
DATA:00:00
DATA:14:1f
DATA:15:20
DATA:10:00
DATA:00:00
DATA:15:1f
DATA:16:20
DATA:10:00
DATA:00:00
DATA:16:1f
DATA:17:20
DATA:10:00
DATA:00:00
DATA:17:1f
DATA:18:20
DATA:10:00
DATA:08:00
DATA:18:1f
DATA:19:20
DATA:10:00
DATA:08:00
DATA:19:1f
DATA:1a:20
DATA:10:00
DATA:08:00
DATA:1a:1f
DATA:1b:20
DATA:10:00
DATA:08:00
DATA:1b:1f
DATA:1c:20
DATA:10:00
DATA:08:00
DATA:1c:1f
DATA:1d:20
DATA:10:00
DATA:08:00
DATA:1d:1f
DATA:1e:20
DATA:10:00
DATA:08:00
DATA:1e:1f
DATA:1f:20
DATA:10:00
DATA:08:00
DATA:1f:1f
DATA:fffffffe:91
[Inferior 1 (process 2271194) exited normally]
[LOG] Running Byte 16
[Thread debugging using libthread_db enabled]
Using host libthread_db library "/lib64/libthread_db.so.1".
DATA:00:20
DATA:00:00
DATA:00:00
DATA:00:1f
DATA:01:20
DATA:00:00
DATA:00:00
DATA:01:1f
DATA:02:20
DATA:00:00
DATA:00:00
DATA:02:1f
DATA:03:20
DATA:00:00
DATA:00:00
DATA:03:1f
DATA:04:20
DATA:00:00
DATA:00:00
DATA:04:1f
DATA:05:20
DATA:00:00
DATA:00:00
DATA:05:1f
DATA:06:20
DATA:00:00
DATA:00:00
DATA:06:1f
DATA:07:20
DATA:00:00
DATA:00:00
DATA:07:1f
DATA:08:20
DATA:00:00
DATA:08:00
DATA:08:1f
DATA:09:20
DATA:00:00
DATA:08:00
DATA:09:1f
DATA:0a:20
DATA:00:00
DATA:08:00
DATA:0a:1f
DATA:0b:20
DATA:00:00
DATA:08:00
DATA:0b:1f
DATA:0c:20
DATA:00:00
DATA:08:00
DATA:0c:1f
DATA:0d:20
DATA:00:00
DATA:08:00
DATA:0d:1f
DATA:0e:20
DATA:00:00
DATA:08:00
DATA:0e:1f
DATA:0f:20
DATA:00:00
DATA:08:00
DATA:0f:1f
DATA:10:20
DATA:10:00
DATA:00:00
DATA:10:1f
DATA:11:20
DATA:10:00
DATA:00:00
DATA:11:1f
DATA:12:20
DATA:10:00
DATA:00:00
DATA:12:1f
DATA:13:20
DATA:10:00
DATA:00:00
DATA:13:1f
DATA:14:20
DATA:10:00
DATA:00:00
DATA:14:1f
DATA:15:20
DATA:10:00
DATA:00:00
DATA:15:1f
DATA:16:20
DATA:10:00
DATA:00:00
DATA:16:1f
DATA:17:20
DATA:10:00
DATA:00:00
DATA:17:1f
DATA:18:20
DATA:10:00
DATA:08:00
DATA:18:1f
DATA:19:20
DATA:10:00
DATA:08:00
DATA:19:1f
DATA:1a:20
DATA:10:00
DATA:08:00
DATA:1a:1f
DATA:1b:20
DATA:10:00
DATA:08:00
DATA:1b:1f
DATA:1c:20
DATA:10:00
DATA:08:00
DATA:1c:1f
DATA:1d:20
DATA:10:00
DATA:08:00
DATA:1d:1f
DATA:1e:20
DATA:10:00
DATA:08:00
DATA:1e:1f
DATA:1f:20
DATA:10:00
DATA:08:00
DATA:1f:1f
DATA:fffffffe:91
[Inferior 1 (process 2271195) exited normally]
[LOG] Running Byte 17
[Thread debugging using libthread_db enabled]
Using host libthread_db library "/lib64/libthread_db.so.1".
DATA:00:20
DATA:00:00
DATA:00:00
DATA:00:1f
DATA:01:20
DATA:00:00
DATA:00:00
DATA:01:1f
DATA:02:20
DATA:00:00
DATA:00:00
DATA:02:1f
DATA:03:20
DATA:00:00
DATA:00:00
DATA:03:1f
DATA:04:20
DATA:00:00
DATA:00:00
DATA:04:1f
DATA:05:20
DATA:00:00
DATA:00:00
DATA:05:1f
DATA:06:20
DATA:00:00
DATA:00:00
DATA:06:1f
DATA:07:20
DATA:00:00
DATA:00:00
DATA:07:1f
DATA:08:20
DATA:00:00
DATA:08:00
DATA:08:1f
DATA:09:20
DATA:00:00
DATA:08:00
DATA:09:1f
DATA:0a:20
DATA:00:00
DATA:08:00
DATA:0a:1f
DATA:0b:20
DATA:00:00
DATA:08:00
DATA:0b:1f
DATA:0c:20
DATA:00:00
DATA:08:00
DATA:0c:1f
DATA:0d:20
DATA:00:00
DATA:08:00
DATA:0d:1f
DATA:0e:20
DATA:00:00
DATA:08:00
DATA:0e:1f
DATA:0f:20
DATA:00:00
DATA:08:00
DATA:0f:1f
DATA:10:20
DATA:10:00
DATA:00:00
DATA:10:1f
DATA:11:20
DATA:10:00
DATA:00:00
DATA:11:1f
DATA:12:20
DATA:10:00
DATA:00:00
DATA:12:1f
DATA:13:20
DATA:10:00
DATA:00:00
DATA:13:1f
DATA:14:20
DATA:10:00
DATA:00:00
DATA:14:1f
DATA:15:20
DATA:10:00
DATA:00:00
DATA:15:1f
DATA:16:20
DATA:10:00
DATA:00:00
DATA:16:1f
DATA:17:20
DATA:10:00
DATA:00:00
DATA:17:1f
DATA:18:20
DATA:10:00
DATA:08:00
DATA:18:1f
DATA:19:20
DATA:10:00
DATA:08:00
DATA:19:1f
DATA:1a:20
DATA:10:00
DATA:08:00
DATA:1a:1f
DATA:1b:20
DATA:10:00
DATA:08:00
DATA:1b:1f
DATA:1c:20
DATA:10:00
DATA:08:00
DATA:1c:1f
DATA:1d:20
DATA:10:00
DATA:08:00
DATA:1d:1f
DATA:1e:20
DATA:10:00
DATA:08:00
DATA:1e:1f
DATA:1f:20
DATA:10:00
DATA:08:00
DATA:1f:1f
DATA:fffffffe:91
[Inferior 1 (process 2271212) exited normally]
[LOG] Running Byte 18
[Thread debugging using libthread_db enabled]
Using host libthread_db library "/lib64/libthread_db.so.1".
DATA:00:20
DATA:00:00
DATA:00:00
DATA:00:1f
DATA:01:20
DATA:00:00
DATA:00:00
DATA:01:1f
DATA:02:20
DATA:00:00
DATA:00:00
DATA:02:1f
DATA:03:20
DATA:00:00
DATA:00:00
DATA:03:1f
DATA:04:20
DATA:00:00
DATA:00:00
DATA:04:1f
DATA:05:20
DATA:00:00
DATA:00:00
DATA:05:1f
DATA:06:20
DATA:00:00
DATA:00:00
DATA:06:1f
DATA:07:20
DATA:00:00
DATA:00:00
DATA:07:1f
DATA:08:20
DATA:00:00
DATA:08:00
DATA:08:1f
DATA:09:20
DATA:00:00
DATA:08:00
DATA:09:1f
DATA:0a:20
DATA:00:00
DATA:08:00
DATA:0a:1f
DATA:0b:20
DATA:00:00
DATA:08:00
DATA:0b:1f
DATA:0c:20
DATA:00:00
DATA:08:00
DATA:0c:1f
DATA:0d:20
DATA:00:00
DATA:08:00
DATA:0d:1f
DATA:0e:20
DATA:00:00
DATA:08:00
DATA:0e:1f
DATA:0f:20
DATA:00:00
DATA:08:00
DATA:0f:1f
DATA:10:20
DATA:10:00
DATA:00:00
DATA:10:1f
DATA:11:20
DATA:10:00
DATA:00:00
DATA:11:1f
DATA:12:20
DATA:10:00
DATA:00:00
DATA:12:1f
DATA:13:20
DATA:10:00
DATA:00:00
DATA:13:1f
DATA:14:20
DATA:10:00
DATA:00:00
DATA:14:1f
DATA:15:20
DATA:10:00
DATA:00:00
DATA:15:1f
DATA:16:20
DATA:10:00
DATA:00:00
DATA:16:1f
DATA:17:20
DATA:10:00
DATA:00:00
DATA:17:1f
DATA:18:20
DATA:10:00
DATA:08:00
DATA:18:1f
DATA:19:20
DATA:10:00
DATA:08:00
DATA:19:1f
DATA:1a:20
DATA:10:00
DATA:08:00
DATA:1a:1f
DATA:1b:20
DATA:10:00
DATA:08:00
DATA:1b:1f
DATA:1c:20
DATA:10:00
DATA:08:00
DATA:1c:1f
DATA:1d:20
DATA:10:00
DATA:08:00
DATA:1d:1f
DATA:1e:20
DATA:10:00
DATA:08:00
DATA:1e:1f
DATA:1f:20
DATA:10:00
DATA:08:00
DATA:1f:1f
DATA:fffffffe:91
[Inferior 1 (process 2271229) exited normally]
[LOG] Running Byte 19
[Thread debugging using libthread_db enabled]
Using host libthread_db library "/lib64/libthread_db.so.1".
DATA:00:20
DATA:00:00
DATA:00:00
DATA:00:1f
DATA:01:20
DATA:00:00
DATA:00:00
DATA:01:1f
DATA:02:20
DATA:00:00
DATA:00:00
DATA:02:1f
DATA:03:20
DATA:00:00
DATA:00:00
DATA:03:1f
DATA:04:20
DATA:00:00
DATA:00:00
DATA:04:1f
DATA:05:20
DATA:00:00
DATA:00:00
DATA:05:1f
DATA:06:20
DATA:00:00
DATA:00:00
DATA:06:1f
DATA:07:20
DATA:00:00
DATA:00:00
DATA:07:1f
DATA:08:20
DATA:00:00
DATA:08:00
DATA:08:1f
DATA:09:20
DATA:00:00
DATA:08:00
DATA:09:1f
DATA:0a:20
DATA:00:00
DATA:08:00
DATA:0a:1f
DATA:0b:20
DATA:00:00
DATA:08:00
DATA:0b:1f
DATA:0c:20
DATA:00:00
DATA:08:00
DATA:0c:1f
DATA:0d:20
DATA:00:00
DATA:08:00
DATA:0d:1f
DATA:0e:20
DATA:00:00
DATA:08:00
DATA:0e:1f
DATA:0f:20
DATA:00:00
DATA:08:00
DATA:0f:1f
DATA:10:20
DATA:10:00
DATA:00:00
DATA:10:1f
DATA:11:20
DATA:10:00
DATA:00:00
DATA:11:1f
DATA:12:20
DATA:10:00
DATA:00:00
DATA:12:1f
DATA:13:20
DATA:10:00
DATA:00:00
DATA:13:1f
DATA:14:20
DATA:10:00
DATA:00:00
DATA:14:1f
DATA:15:20
DATA:10:00
DATA:00:00
DATA:15:1f
DATA:16:20
DATA:10:00
DATA:00:00
DATA:16:1f
DATA:17:20
DATA:10:00
DATA:00:00
DATA:17:1f
DATA:18:20
DATA:10:00
DATA:08:00
DATA:18:1f
DATA:19:20
DATA:10:00
DATA:08:00
DATA:19:1f
DATA:1a:20
DATA:10:00
DATA:08:00
DATA:1a:1f
DATA:1b:20
DATA:10:00
DATA:08:00
DATA:1b:1f
DATA:1c:20
DATA:10:00
DATA:08:00
DATA:1c:1f
DATA:1d:20
DATA:10:00
DATA:08:00
DATA:1d:1f
DATA:1e:20
DATA:10:00
DATA:08:00
DATA:1e:1f
DATA:1f:20
DATA:10:00
DATA:08:00
DATA:1f:1f
DATA:fffffffe:91
[Inferior 1 (process 2271230) exited normally]
[LOG] Running Byte 20
[Thread debugging using libthread_db enabled]
Using host libthread_db library "/lib64/libthread_db.so.1".
DATA:00:20
DATA:00:00
DATA:00:00
DATA:00:1f
DATA:01:20
DATA:00:00
DATA:00:00
DATA:01:1f
DATA:02:20
DATA:00:00
DATA:00:00
DATA:02:1f
DATA:03:20
DATA:00:00
DATA:00:00
DATA:03:1f
DATA:04:20
DATA:00:00
DATA:00:00
DATA:04:1f
DATA:05:20
DATA:00:00
DATA:00:00
DATA:05:1f
DATA:06:20
DATA:00:00
DATA:00:00
DATA:06:1f
DATA:07:20
DATA:00:00
DATA:00:00
DATA:07:1f
DATA:08:20
DATA:00:00
DATA:08:00
DATA:08:1f
DATA:09:20
DATA:00:00
DATA:08:00
DATA:09:1f
DATA:0a:20
DATA:00:00
DATA:08:00
DATA:0a:1f
DATA:0b:20
DATA:00:00
DATA:08:00
DATA:0b:1f
DATA:0c:20
DATA:00:00
DATA:08:00
DATA:0c:1f
DATA:0d:20
DATA:00:00
DATA:08:00
DATA:0d:1f
DATA:0e:20
DATA:00:00
DATA:08:00
DATA:0e:1f
DATA:0f:20
DATA:00:00
DATA:08:00
DATA:0f:1f
DATA:10:20
DATA:10:00
DATA:00:00
DATA:10:1f
DATA:11:20
DATA:10:00
DATA:00:00
DATA:11:1f
DATA:12:20
DATA:10:00
DATA:00:00
DATA:12:1f
DATA:13:20
DATA:10:00
DATA:00:00
DATA:13:1f
DATA:14:20
DATA:10:00
DATA:00:00
DATA:14:1f
DATA:15:20
DATA:10:00
DATA:00:00
DATA:15:1f
DATA:16:20
DATA:10:00
DATA:00:00
DATA:16:1f
DATA:17:20
DATA:10:00
DATA:00:00
DATA:17:1f
DATA:18:20
DATA:10:00
DATA:08:00
DATA:18:1f
DATA:19:20
DATA:10:00
DATA:08:00
DATA:19:1f
DATA:1a:20
DATA:10:00
DATA:08:00
DATA:1a:1f
DATA:1b:20
DATA:10:00
DATA:08:00
DATA:1b:1f
DATA:1c:20
DATA:10:00
DATA:08:00
DATA:1c:1f
DATA:1d:20
DATA:10:00
DATA:08:00
DATA:1d:1f
DATA:1e:20
DATA:10:00
DATA:08:00
DATA:1e:1f
DATA:1f:20
DATA:10:00
DATA:08:00
DATA:1f:1f
DATA:fffffffe:91
[Inferior 1 (process 2271247) exited normally]
[LOG] Running Byte 21
[Thread debugging using libthread_db enabled]
Using host libthread_db library "/lib64/libthread_db.so.1".
DATA:00:20
DATA:00:00
DATA:00:00
DATA:00:1f
DATA:01:20
DATA:00:00
DATA:00:00
DATA:01:1f
DATA:02:20
DATA:00:00
DATA:00:00
DATA:02:1f
DATA:03:20
DATA:00:00
DATA:00:00
DATA:03:1f
DATA:04:20
DATA:00:00
DATA:00:00
DATA:04:1f
DATA:05:20
DATA:00:00
DATA:00:00
DATA:05:1f
DATA:06:20
DATA:00:00
DATA:00:00
DATA:06:1f
DATA:07:20
DATA:00:00
DATA:00:00
DATA:07:1f
DATA:08:20
DATA:00:00
DATA:08:00
DATA:08:1f
DATA:09:20
DATA:00:00
DATA:08:00
DATA:09:1f
DATA:0a:20
DATA:00:00
DATA:08:00
DATA:0a:1f
DATA:0b:20
DATA:00:00
DATA:08:00
DATA:0b:1f
DATA:0c:20
DATA:00:00
DATA:08:00
DATA:0c:1f
DATA:0d:20
DATA:00:00
DATA:08:00
DATA:0d:1f
DATA:0e:20
DATA:00:00
DATA:08:00
DATA:0e:1f
DATA:0f:20
DATA:00:00
DATA:08:00
DATA:0f:1f
DATA:10:20
DATA:10:00
DATA:00:00
DATA:10:1f
DATA:11:20
DATA:10:00
DATA:00:00
DATA:11:1f
DATA:12:20
DATA:10:00
DATA:00:00
DATA:12:1f
DATA:13:20
DATA:10:00
DATA:00:00
DATA:13:1f
DATA:14:20
DATA:10:00
DATA:00:00
DATA:14:1f
DATA:15:20
DATA:10:00
DATA:00:00
DATA:15:1f
DATA:16:20
DATA:10:00
DATA:00:00
DATA:16:1f
DATA:17:20
DATA:10:00
DATA:00:00
DATA:17:1f
DATA:18:20
DATA:10:00
DATA:08:00
DATA:18:1f
DATA:19:20
DATA:10:00
DATA:08:00
DATA:19:1f
DATA:1a:20
DATA:10:00
DATA:08:00
DATA:1a:1f
DATA:1b:20
DATA:10:00
DATA:08:00
DATA:1b:1f
DATA:1c:20
DATA:10:00
DATA:08:00
DATA:1c:1f
DATA:1d:20
DATA:10:00
DATA:08:00
DATA:1d:1f
DATA:1e:20
DATA:10:00
DATA:08:00
DATA:1e:1f
DATA:1f:20
DATA:10:00
DATA:08:00
DATA:1f:1f
DATA:fffffffe:91
[Inferior 1 (process 2271281) exited normally]
[LOG] Running Byte 22
[Thread debugging using libthread_db enabled]
Using host libthread_db library "/lib64/libthread_db.so.1".
DATA:00:20
DATA:00:00
DATA:00:00
DATA:00:1f
DATA:01:20
DATA:00:00
DATA:00:00
DATA:01:1f
DATA:02:20
DATA:00:00
DATA:00:00
DATA:02:1f
DATA:03:20
DATA:00:00
DATA:00:00
DATA:03:1f
DATA:04:20
DATA:00:00
DATA:00:00
DATA:04:1f
DATA:05:20
DATA:00:00
DATA:00:00
DATA:05:1f
DATA:06:20
DATA:00:00
DATA:00:00
DATA:06:1f
DATA:07:20
DATA:00:00
DATA:00:00
DATA:07:1f
DATA:08:20
DATA:00:00
DATA:08:00
DATA:08:1f
DATA:09:20
DATA:00:00
DATA:08:00
DATA:09:1f
DATA:0a:20
DATA:00:00
DATA:08:00
DATA:0a:1f
DATA:0b:20
DATA:00:00
DATA:08:00
DATA:0b:1f
DATA:0c:20
DATA:00:00
DATA:08:00
DATA:0c:1f
DATA:0d:20
DATA:00:00
DATA:08:00
DATA:0d:1f
DATA:0e:20
DATA:00:00
DATA:08:00
DATA:0e:1f
DATA:0f:20
DATA:00:00
DATA:08:00
DATA:0f:1f
DATA:10:20
DATA:10:00
DATA:00:00
DATA:10:1f
DATA:11:20
DATA:10:00
DATA:00:00
DATA:11:1f
DATA:12:20
DATA:10:00
DATA:00:00
DATA:12:1f
DATA:13:20
DATA:10:00
DATA:00:00
DATA:13:1f
DATA:14:20
DATA:10:00
DATA:00:00
DATA:14:1f
DATA:15:20
DATA:10:00
DATA:00:00
DATA:15:1f
DATA:16:20
DATA:10:00
DATA:00:00
DATA:16:1f
DATA:17:20
DATA:10:00
DATA:00:00
DATA:17:1f
DATA:18:20
DATA:10:00
DATA:08:00
DATA:18:1f
DATA:19:20
DATA:10:00
DATA:08:00
DATA:19:1f
DATA:1a:20
DATA:10:00
DATA:08:00
DATA:1a:1f
DATA:1b:20
DATA:10:00
DATA:08:00
DATA:1b:1f
DATA:1c:20
DATA:10:00
DATA:08:00
DATA:1c:1f
DATA:1d:20
DATA:10:00
DATA:08:00
DATA:1d:1f
DATA:1e:20
DATA:10:00
DATA:08:00
DATA:1e:1f
DATA:1f:20
DATA:10:00
DATA:08:00
DATA:1f:1f
DATA:fffffffe:91
[Inferior 1 (process 2271286) exited normally]
[LOG] Running Byte 23
[Thread debugging using libthread_db enabled]
Using host libthread_db library "/lib64/libthread_db.so.1".
DATA:00:20
DATA:00:00
DATA:00:00
DATA:00:1f
DATA:01:20
DATA:00:00
DATA:00:00
DATA:01:1f
DATA:02:20
DATA:00:00
DATA:00:00
DATA:02:1f
DATA:03:20
DATA:00:00
DATA:00:00
DATA:03:1f
DATA:04:20
DATA:00:00
DATA:00:00
DATA:04:1f
DATA:05:20
DATA:00:00
DATA:00:00
DATA:05:1f
DATA:06:20
DATA:00:00
DATA:00:00
DATA:06:1f
DATA:07:20
DATA:00:00
DATA:00:00
DATA:07:1f
DATA:08:20
DATA:00:00
DATA:08:00
DATA:08:1f
DATA:09:20
DATA:00:00
DATA:08:00
DATA:09:1f
DATA:0a:20
DATA:00:00
DATA:08:00
DATA:0a:1f
DATA:0b:20
DATA:00:00
DATA:08:00
DATA:0b:1f
DATA:0c:20
DATA:00:00
DATA:08:00
DATA:0c:1f
DATA:0d:20
DATA:00:00
DATA:08:00
DATA:0d:1f
DATA:0e:20
DATA:00:00
DATA:08:00
DATA:0e:1f
DATA:0f:20
DATA:00:00
DATA:08:00
DATA:0f:1f
DATA:10:20
DATA:10:00
DATA:00:00
DATA:10:1f
DATA:11:20
DATA:10:00
DATA:00:00
DATA:11:1f
DATA:12:20
DATA:10:00
DATA:00:00
DATA:12:1f
DATA:13:20
DATA:10:00
DATA:00:00
DATA:13:1f
DATA:14:20
DATA:10:00
DATA:00:00
DATA:14:1f
DATA:15:20
DATA:10:00
DATA:00:00
DATA:15:1f
DATA:16:20
DATA:10:00
DATA:00:00
DATA:16:1f
DATA:17:20
DATA:10:00
DATA:00:00
DATA:17:1f
DATA:18:20
DATA:10:00
DATA:08:00
DATA:18:1f
DATA:19:20
DATA:10:00
DATA:08:00
DATA:19:1f
DATA:1a:20
DATA:10:00
DATA:08:00
DATA:1a:1f
DATA:1b:20
DATA:10:00
DATA:08:00
DATA:1b:1f
DATA:1c:20
DATA:10:00
DATA:08:00
DATA:1c:1f
DATA:1d:20
DATA:10:00
DATA:08:00
DATA:1d:1f
DATA:1e:20
DATA:10:00
DATA:08:00
DATA:1e:1f
DATA:1f:20
DATA:10:00
DATA:08:00
DATA:1f:1f
DATA:fffffffe:91
[Inferior 1 (process 2271304) exited normally]
[LOG] Running Byte 24
[Thread debugging using libthread_db enabled]
Using host libthread_db library "/lib64/libthread_db.so.1".
DATA:00:20
DATA:00:00
DATA:00:00
DATA:00:1f
DATA:01:20
DATA:00:00
DATA:00:00
DATA:01:1f
DATA:02:20
DATA:00:00
DATA:00:00
DATA:02:1f
DATA:03:20
DATA:00:00
DATA:00:00
DATA:03:1f
DATA:04:20
DATA:00:00
DATA:00:00
DATA:04:1f
DATA:05:20
DATA:00:00
DATA:00:00
DATA:05:1f
DATA:06:20
DATA:00:00
DATA:00:00
DATA:06:1f
DATA:07:20
DATA:00:00
DATA:00:00
DATA:07:1f
DATA:08:20
DATA:00:00
DATA:08:00
DATA:08:1f
DATA:09:20
DATA:00:00
DATA:08:00
DATA:09:1f
DATA:0a:20
DATA:00:00
DATA:08:00
DATA:0a:1f
DATA:0b:20
DATA:00:00
DATA:08:00
DATA:0b:1f
DATA:0c:20
DATA:00:00
DATA:08:00
DATA:0c:1f
DATA:0d:20
DATA:00:00
DATA:08:00
DATA:0d:1f
DATA:0e:20
DATA:00:00
DATA:08:00
DATA:0e:1f
DATA:0f:20
DATA:00:00
DATA:08:00
DATA:0f:1f
DATA:10:20
DATA:10:00
DATA:00:00
DATA:10:1f
DATA:11:20
DATA:10:00
DATA:00:00
DATA:11:1f
DATA:12:20
DATA:10:00
DATA:00:00
DATA:12:1f
DATA:13:20
DATA:10:00
DATA:00:00
DATA:13:1f
DATA:14:20
DATA:10:00
DATA:00:00
DATA:14:1f
DATA:15:20
DATA:10:00
DATA:00:00
DATA:15:1f
DATA:16:20
DATA:10:00
DATA:00:00
DATA:16:1f
DATA:17:20
DATA:10:00
DATA:00:00
DATA:17:1f
DATA:18:20
DATA:10:00
DATA:08:00
DATA:18:1f
DATA:19:20
DATA:10:00
DATA:08:00
DATA:19:1f
DATA:1a:20
DATA:10:00
DATA:08:00
DATA:1a:1f
DATA:1b:20
DATA:10:00
DATA:08:00
DATA:1b:1f
DATA:1c:20
DATA:10:00
DATA:08:00
DATA:1c:1f
DATA:1d:20
DATA:10:00
DATA:08:00
DATA:1d:1f
DATA:1e:20
DATA:10:00
DATA:08:00
DATA:1e:1f
DATA:1f:20
DATA:10:00
DATA:08:00
DATA:1f:1f
DATA:fffffffe:91
[Inferior 1 (process 2271321) exited normally]
[LOG] Running Byte 25
[Thread debugging using libthread_db enabled]
Using host libthread_db library "/lib64/libthread_db.so.1".
DATA:00:20
DATA:00:00
DATA:00:00
DATA:00:1f
DATA:01:20
DATA:00:00
DATA:00:00
DATA:01:1f
DATA:02:20
DATA:00:00
DATA:00:00
DATA:02:1f
DATA:03:20
DATA:00:00
DATA:00:00
DATA:03:1f
DATA:04:20
DATA:00:00
DATA:00:00
DATA:04:1f
DATA:05:20
DATA:00:00
DATA:00:00
DATA:05:1f
DATA:06:20
DATA:00:00
DATA:00:00
DATA:06:1f
DATA:07:20
DATA:00:00
DATA:00:00
DATA:07:1f
DATA:08:20
DATA:00:00
DATA:08:00
DATA:08:1f
DATA:09:20
DATA:00:00
DATA:08:00
DATA:09:1f
DATA:0a:20
DATA:00:00
DATA:08:00
DATA:0a:1f
DATA:0b:20
DATA:00:00
DATA:08:00
DATA:0b:1f
DATA:0c:20
DATA:00:00
DATA:08:00
DATA:0c:1f
DATA:0d:20
DATA:00:00
DATA:08:00
DATA:0d:1f
DATA:0e:20
DATA:00:00
DATA:08:00
DATA:0e:1f
DATA:0f:20
DATA:00:00
DATA:08:00
DATA:0f:1f
DATA:10:20
DATA:10:00
DATA:00:00
DATA:10:1f
DATA:11:20
DATA:10:00
DATA:00:00
DATA:11:1f
DATA:12:20
DATA:10:00
DATA:00:00
DATA:12:1f
DATA:13:20
DATA:10:00
DATA:00:00
DATA:13:1f
DATA:14:20
DATA:10:00
DATA:00:00
DATA:14:1f
DATA:15:20
DATA:10:00
DATA:00:00
DATA:15:1f
DATA:16:20
DATA:10:00
DATA:00:00
DATA:16:1f
DATA:17:20
DATA:10:00
DATA:00:00
DATA:17:1f
DATA:18:20
DATA:10:00
DATA:08:00
DATA:18:1f
DATA:19:20
DATA:10:00
DATA:08:00
DATA:19:1f
DATA:1a:20
DATA:10:00
DATA:08:00
DATA:1a:1f
DATA:1b:20
DATA:10:00
DATA:08:00
DATA:1b:1f
DATA:1c:20
DATA:10:00
DATA:08:00
DATA:1c:1f
DATA:1d:20
DATA:10:00
DATA:08:00
DATA:1d:1f
DATA:1e:20
DATA:10:00
DATA:08:00
DATA:1e:1f
DATA:1f:20
DATA:10:00
DATA:08:00
DATA:1f:1f
DATA:fffffffe:91
[Inferior 1 (process 2271331) exited normally]
[LOG] Running Byte 26
[Thread debugging using libthread_db enabled]
Using host libthread_db library "/lib64/libthread_db.so.1".
DATA:00:20
DATA:00:00
DATA:00:00
DATA:00:1f
DATA:01:20
DATA:00:00
DATA:00:00
DATA:01:1f
DATA:02:20
DATA:00:00
DATA:00:00
DATA:02:1f
DATA:03:20
DATA:00:00
DATA:00:00
DATA:03:1f
DATA:04:20
DATA:00:00
DATA:00:00
DATA:04:1f
DATA:05:20
DATA:00:00
DATA:00:00
DATA:05:1f
DATA:06:20
DATA:00:00
DATA:00:00
DATA:06:1f
DATA:07:20
DATA:00:00
DATA:00:00
DATA:07:1f
DATA:08:20
DATA:00:00
DATA:08:00
DATA:08:1f
DATA:09:20
DATA:00:00
DATA:08:00
DATA:09:1f
DATA:0a:20
DATA:00:00
DATA:08:00
DATA:0a:1f
DATA:0b:20
DATA:00:00
DATA:08:00
DATA:0b:1f
DATA:0c:20
DATA:00:00
DATA:08:00
DATA:0c:1f
DATA:0d:20
DATA:00:00
DATA:08:00
DATA:0d:1f
DATA:0e:20
DATA:00:00
DATA:08:00
DATA:0e:1f
DATA:0f:20
DATA:00:00
DATA:08:00
DATA:0f:1f
DATA:10:20
DATA:10:00
DATA:00:00
DATA:10:1f
DATA:11:20
DATA:10:00
DATA:00:00
DATA:11:1f
DATA:12:20
DATA:10:00
DATA:00:00
DATA:12:1f
DATA:13:20
DATA:10:00
DATA:00:00
DATA:13:1f
DATA:14:20
DATA:10:00
DATA:00:00
DATA:14:1f
DATA:15:20
DATA:10:00
DATA:00:00
DATA:15:1f
DATA:16:20
DATA:10:00
DATA:00:00
DATA:16:1f
DATA:17:20
DATA:10:00
DATA:00:00
DATA:17:1f
DATA:18:20
DATA:10:00
DATA:08:00
DATA:18:1f
DATA:19:20
DATA:10:00
DATA:08:00
DATA:19:1f
DATA:1a:20
DATA:10:00
DATA:08:00
DATA:1a:1f
DATA:1b:20
DATA:10:00
DATA:08:00
DATA:1b:1f
DATA:1c:20
DATA:10:00
DATA:08:00
DATA:1c:1f
DATA:1d:20
DATA:10:00
DATA:08:00
DATA:1d:1f
DATA:1e:20
DATA:10:00
DATA:08:00
DATA:1e:1f
DATA:1f:20
DATA:10:00
DATA:08:00
DATA:1f:1f
DATA:fffffffe:91
[Inferior 1 (process 2271348) exited normally]
[LOG] Running Byte 27
[Thread debugging using libthread_db enabled]
Using host libthread_db library "/lib64/libthread_db.so.1".
DATA:00:20
DATA:00:00
DATA:00:00
DATA:00:1f
DATA:01:20
DATA:00:00
DATA:00:00
DATA:01:1f
DATA:02:20
DATA:00:00
DATA:00:00
DATA:02:1f
DATA:03:20
DATA:00:00
DATA:00:00
DATA:03:1f
DATA:04:20
DATA:00:00
DATA:00:00
DATA:04:1f
DATA:05:20
DATA:00:00
DATA:00:00
DATA:05:1f
DATA:06:20
DATA:00:00
DATA:00:00
DATA:06:1f
DATA:07:20
DATA:00:00
DATA:00:00
DATA:07:1f
DATA:08:20
DATA:00:00
DATA:08:00
DATA:08:1f
DATA:09:20
DATA:00:00
DATA:08:00
DATA:09:1f
DATA:0a:20
DATA:00:00
DATA:08:00
DATA:0a:1f
DATA:0b:20
DATA:00:00
DATA:08:00
DATA:0b:1f
DATA:0c:20
DATA:00:00
DATA:08:00
DATA:0c:1f
DATA:0d:20
DATA:00:00
DATA:08:00
DATA:0d:1f
DATA:0e:20
DATA:00:00
DATA:08:00
DATA:0e:1f
DATA:0f:20
DATA:00:00
DATA:08:00
DATA:0f:1f
DATA:10:20
DATA:10:00
DATA:00:00
DATA:10:1f
DATA:11:20
DATA:10:00
DATA:00:00
DATA:11:1f
DATA:12:20
DATA:10:00
DATA:00:00
DATA:12:1f
DATA:13:20
DATA:10:00
DATA:00:00
DATA:13:1f
DATA:14:20
DATA:10:00
DATA:00:00
DATA:14:1f
DATA:15:20
DATA:10:00
DATA:00:00
DATA:15:1f
DATA:16:20
DATA:10:00
DATA:00:00
DATA:16:1f
DATA:17:20
DATA:10:00
DATA:00:00
DATA:17:1f
DATA:18:20
DATA:10:00
DATA:08:00
DATA:18:1f
DATA:19:20
DATA:10:00
DATA:08:00
DATA:19:1f
DATA:1a:20
DATA:10:00
DATA:08:00
DATA:1a:1f
DATA:1b:20
DATA:10:00
DATA:08:00
DATA:1b:1f
DATA:1c:20
DATA:10:00
DATA:08:00
DATA:1c:1f
DATA:1d:20
DATA:10:00
DATA:08:00
DATA:1d:1f
DATA:1e:20
DATA:10:00
DATA:08:00
DATA:1e:1f
DATA:1f:20
DATA:10:00
DATA:08:00
DATA:1f:1f
DATA:fffffffe:91
[Inferior 1 (process 2271368) exited normally]
[LOG] Running Byte 28
[Thread debugging using libthread_db enabled]
Using host libthread_db library "/lib64/libthread_db.so.1".
DATA:00:20
DATA:00:00
DATA:00:00
DATA:00:1f
DATA:01:20
DATA:00:00
DATA:00:00
DATA:01:1f
DATA:02:20
DATA:00:00
DATA:00:00
DATA:02:1f
DATA:03:20
DATA:00:00
DATA:00:00
DATA:03:1f
DATA:04:20
DATA:00:00
DATA:00:00
DATA:04:1f
DATA:05:20
DATA:00:00
DATA:00:00
DATA:05:1f
DATA:06:20
DATA:00:00
DATA:00:00
DATA:06:1f
DATA:07:20
DATA:00:00
DATA:00:00
DATA:07:1f
DATA:08:20
DATA:00:00
DATA:08:00
DATA:08:1f
DATA:09:20
DATA:00:00
DATA:08:00
DATA:09:1f
DATA:0a:20
DATA:00:00
DATA:08:00
DATA:0a:1f
DATA:0b:20
DATA:00:00
DATA:08:00
DATA:0b:1f
DATA:0c:20
DATA:00:00
DATA:08:00
DATA:0c:1f
DATA:0d:20
DATA:00:00
DATA:08:00
DATA:0d:1f
DATA:0e:20
DATA:00:00
DATA:08:00
DATA:0e:1f
DATA:0f:20
DATA:00:00
DATA:08:00
DATA:0f:1f
DATA:10:20
DATA:10:00
DATA:00:00
DATA:10:1f
DATA:11:20
DATA:10:00
DATA:00:00
DATA:11:1f
DATA:12:20
DATA:10:00
DATA:00:00
DATA:12:1f
DATA:13:20
DATA:10:00
DATA:00:00
DATA:13:1f
DATA:14:20
DATA:10:00
DATA:00:00
DATA:14:1f
DATA:15:20
DATA:10:00
DATA:00:00
DATA:15:1f
DATA:16:20
DATA:10:00
DATA:00:00
DATA:16:1f
DATA:17:20
DATA:10:00
DATA:00:00
DATA:17:1f
DATA:18:20
DATA:10:00
DATA:08:00
DATA:18:1f
DATA:19:20
DATA:10:00
DATA:08:00
DATA:19:1f
DATA:1a:20
DATA:10:00
DATA:08:00
DATA:1a:1f
DATA:1b:20
DATA:10:00
DATA:08:00
DATA:1b:1f
DATA:1c:20
DATA:10:00
DATA:08:00
DATA:1c:1f
DATA:1d:20
DATA:10:00
DATA:08:00
DATA:1d:1f
DATA:1e:20
DATA:10:00
DATA:08:00
DATA:1e:1f
DATA:1f:20
DATA:10:00
DATA:08:00
DATA:1f:1f
DATA:fffffffe:91
[Inferior 1 (process 2271376) exited normally]
[LOG] Running Byte 29
[Thread debugging using libthread_db enabled]
Using host libthread_db library "/lib64/libthread_db.so.1".
DATA:00:20
DATA:00:00
DATA:00:00
DATA:00:1f
DATA:01:20
DATA:00:00
DATA:00:00
DATA:01:1f
DATA:02:20
DATA:00:00
DATA:00:00
DATA:02:1f
DATA:03:20
DATA:00:00
DATA:00:00
DATA:03:1f
DATA:04:20
DATA:00:00
DATA:00:00
DATA:04:1f
DATA:05:20
DATA:00:00
DATA:00:00
DATA:05:1f
DATA:06:20
DATA:00:00
DATA:00:00
DATA:06:1f
DATA:07:20
DATA:00:00
DATA:00:00
DATA:07:1f
DATA:08:20
DATA:00:00
DATA:08:00
DATA:08:1f
DATA:09:20
DATA:00:00
DATA:08:00
DATA:09:1f
DATA:0a:20
DATA:00:00
DATA:08:00
DATA:0a:1f
DATA:0b:20
DATA:00:00
DATA:08:00
DATA:0b:1f
DATA:0c:20
DATA:00:00
DATA:08:00
DATA:0c:1f
DATA:0d:20
DATA:00:00
DATA:08:00
DATA:0d:1f
DATA:0e:20
DATA:00:00
DATA:08:00
DATA:0e:1f
DATA:0f:20
DATA:00:00
DATA:08:00
DATA:0f:1f
DATA:10:20
DATA:10:00
DATA:00:00
DATA:10:1f
DATA:11:20
DATA:10:00
DATA:00:00
DATA:11:1f
DATA:12:20
DATA:10:00
DATA:00:00
DATA:12:1f
DATA:13:20
DATA:10:00
DATA:00:00
DATA:13:1f
DATA:14:20
DATA:10:00
DATA:00:00
DATA:14:1f
DATA:15:20
DATA:10:00
DATA:00:00
DATA:15:1f
DATA:16:20
DATA:10:00
DATA:00:00
DATA:16:1f
DATA:17:20
DATA:10:00
DATA:00:00
DATA:17:1f
DATA:18:20
DATA:10:00
DATA:08:00
DATA:18:1f
DATA:19:20
DATA:10:00
DATA:08:00
DATA:19:1f
DATA:1a:20
DATA:10:00
DATA:08:00
DATA:1a:1f
DATA:1b:20
DATA:10:00
DATA:08:00
DATA:1b:1f
DATA:1c:20
DATA:10:00
DATA:08:00
DATA:1c:1f
DATA:1d:20
DATA:10:00
DATA:08:00
DATA:1d:1f
DATA:1e:20
DATA:10:00
DATA:08:00
DATA:1e:1f
DATA:1f:20
DATA:10:00
DATA:08:00
DATA:1f:1f
DATA:fffffffe:91
[Inferior 1 (process 2271416) exited normally]
[LOG] Running Byte 30
[Thread debugging using libthread_db enabled]
Using host libthread_db library "/lib64/libthread_db.so.1".
DATA:00:20
DATA:00:00
DATA:00:00
DATA:00:1f
DATA:01:20
DATA:00:00
DATA:00:00
DATA:01:1f
DATA:02:20
DATA:00:00
DATA:00:00
DATA:02:1f
DATA:03:20
DATA:00:00
DATA:00:00
DATA:03:1f
DATA:04:20
DATA:00:00
DATA:00:00
DATA:04:1f
DATA:05:20
DATA:00:00
DATA:00:00
DATA:05:1f
DATA:06:20
DATA:00:00
DATA:00:00
DATA:06:1f
DATA:07:20
DATA:00:00
DATA:00:00
DATA:07:1f
DATA:08:20
DATA:00:00
DATA:08:00
DATA:08:1f
DATA:09:20
DATA:00:00
DATA:08:00
DATA:09:1f
DATA:0a:20
DATA:00:00
DATA:08:00
DATA:0a:1f
DATA:0b:20
DATA:00:00
DATA:08:00
DATA:0b:1f
DATA:0c:20
DATA:00:00
DATA:08:00
DATA:0c:1f
DATA:0d:20
DATA:00:00
DATA:08:00
DATA:0d:1f
DATA:0e:20
DATA:00:00
DATA:08:00
DATA:0e:1f
DATA:0f:20
DATA:00:00
DATA:08:00
DATA:0f:1f
DATA:10:20
DATA:10:00
DATA:00:00
DATA:10:1f
DATA:11:20
DATA:10:00
DATA:00:00
DATA:11:1f
DATA:12:20
DATA:10:00
DATA:00:00
DATA:12:1f
DATA:13:20
DATA:10:00
DATA:00:00
DATA:13:1f
DATA:14:20
DATA:10:00
DATA:00:00
DATA:14:1f
DATA:15:20
DATA:10:00
DATA:00:00
DATA:15:1f
DATA:16:20
DATA:10:00
DATA:00:00
DATA:16:1f
DATA:17:20
DATA:10:00
DATA:00:00
DATA:17:1f
DATA:18:20
DATA:10:00
DATA:08:00
DATA:18:1f
DATA:19:20
DATA:10:00
DATA:08:00
DATA:19:1f
DATA:1a:20
DATA:10:00
DATA:08:00
DATA:1a:1f
DATA:1b:20
DATA:10:00
DATA:08:00
DATA:1b:1f
DATA:1c:20
DATA:10:00
DATA:08:00
DATA:1c:1f
DATA:1d:20
DATA:10:00
DATA:08:00
DATA:1d:1f
DATA:1e:20
DATA:10:00
DATA:08:00
DATA:1e:1f
DATA:1f:20
DATA:10:00
DATA:08:00
DATA:1f:1f
DATA:fffffffe:91
[Inferior 1 (process 2271434) exited normally]
[LOG] Running Byte 31
[Thread debugging using libthread_db enabled]
Using host libthread_db library "/lib64/libthread_db.so.1".
DATA:00:20
DATA:00:00
DATA:00:00
DATA:00:1f
DATA:01:20
DATA:00:00
DATA:00:00
DATA:01:1f
DATA:02:20
DATA:00:00
DATA:00:00
DATA:02:1f
DATA:03:20
DATA:00:00
DATA:00:00
DATA:03:1f
DATA:04:20
DATA:00:00
DATA:00:00
DATA:04:1f
DATA:05:20
DATA:00:00
DATA:00:00
DATA:05:1f
DATA:06:20
DATA:00:00
DATA:00:00
DATA:06:1f
DATA:07:20
DATA:00:00
DATA:00:00
DATA:07:1f
DATA:08:20
DATA:00:00
DATA:08:00
DATA:08:1f
DATA:09:20
DATA:00:00
DATA:08:00
DATA:09:1f
DATA:0a:20
DATA:00:00
DATA:08:00
DATA:0a:1f
DATA:0b:20
DATA:00:00
DATA:08:00
DATA:0b:1f
DATA:0c:20
DATA:00:00
DATA:08:00
DATA:0c:1f
DATA:0d:20
DATA:00:00
DATA:08:00
DATA:0d:1f
DATA:0e:20
DATA:00:00
DATA:08:00
DATA:0e:1f
DATA:0f:20
DATA:00:00
DATA:08:00
DATA:0f:1f
DATA:10:20
DATA:10:00
DATA:00:00
DATA:10:1f
DATA:11:20
DATA:10:00
DATA:00:00
DATA:11:1f
DATA:12:20
DATA:10:00
DATA:00:00
DATA:12:1f
DATA:13:20
DATA:10:00
DATA:00:00
DATA:13:1f
DATA:14:20
DATA:10:00
DATA:00:00
DATA:14:1f
DATA:15:20
DATA:10:00
DATA:00:00
DATA:15:1f
DATA:16:20
DATA:10:00
DATA:00:00
DATA:16:1f
DATA:17:20
DATA:10:00
DATA:00:00
DATA:17:1f
DATA:18:20
DATA:10:00
DATA:08:00
DATA:18:1f
DATA:19:20
DATA:10:00
DATA:08:00
DATA:19:1f
DATA:1a:20
DATA:10:00
DATA:08:00
DATA:1a:1f
DATA:1b:20
DATA:10:00
DATA:08:00
DATA:1b:1f
DATA:1c:20
DATA:10:00
DATA:08:00
DATA:1c:1f
DATA:1d:20
DATA:10:00
DATA:08:00
DATA:1d:1f
DATA:1e:20
DATA:10:00
DATA:08:00
DATA:1e:1f
DATA:1f:20
DATA:10:00
DATA:08:00
DATA:1f:1f
DATA:fffffffe:91
[Inferior 1 (process 2271437) exited normally]
